Zumtobel                      PLI    Gr: 1    04.04.22  10:06
Zutrittsarchiv von  1. 1.2022 bis 31. 1.2022    Tgrnr = 400
 
 
 
Datum      Uhrzeit    Term.-             Raum-              On/ Mitarbeiter                                Ereig-    Zus.                
                      Nr.                Zone               Off Ausw.Nr.    Name                           nis       Daten               
-----------------------------------------------------------------------------------------------------------------------------------------
 4. 1.2022  8:45.34   34 EG Haupteingang 40      Gebr.Weiss O   0000000167  Guschelbauer Arno (GW)              0    Zutritt positiv     
            8:47.27   20        UG2-R005 40      Gebr.Weiss O   0000000167  Guschelbauer Arno (GW)              0    Zutritt positiv     
            8:47.44   28        UG2-R013 40      Gebr.Weiss O   0000000167  Guschelbauer Arno (GW)              0    Zutritt positiv     
            8:48.11   22        UG2-R010 40      Gebr.Weiss O   0000000167  Guschelbauer Arno (GW)              0    Zutritt positiv     
 7. 1.2022 17:35.38   34 EG Haupteingang 40      Gebr.Weiss O   0000000127  Längle Klaus (GW)                   0    Zutritt positiv     
           17:37.33   20        UG2-R005 40      Gebr.Weiss O   0000000127  Längle Klaus (GW)                   0    Zutritt positiv     
           17:37.51   22        UG2-R010 40      Gebr.Weiss O   0000000127  Längle Klaus (GW)                   0    Zutritt positiv     
14. 1.2022 10:13.48   34 EG Haupteingang 40      Gebr.Weiss O   0000000122  Safron Andreas (GW)                 0    Zutritt positiv     
           10:15.04   20        UG2-R005 40      Gebr.Weiss O   0000000122  Safron Andreas (GW)                 0    Zutritt positiv     
           10:15.16   22        UG2-R010 40      Gebr.Weiss O   0000000122  Safron Andreas (GW)                 0    Zutritt positiv     
           10:17.54   28        UG2-R013 40      Gebr.Weiss O   0000000122  Safron Andreas (GW)                 0    Zutritt positiv     
           12:04.01   20        UG2-R005 40      Gebr.Weiss O   0000000117  Reimann Michael (GW)                0    Zutritt positiv     
           12:04.08   20        UG2-R005 40      Gebr.Weiss O   0000000117  Reimann Michael (GW)                0    Zutritt positiv     
           12:04.29   22        UG2-R010 40      Gebr.Weiss O   0000000117  Reimann Michael (GW)                0    Zutritt positiv     
24. 1.2022 16:34.32   20        UG2-R005 40      Gebr.Weiss O   0000000158  Rambach Mike (GW)                   0    Zutritt positiv     
           16:34.51   22        UG2-R010 40      Gebr.Weiss O   0000000158  Rambach Mike (GW)                   0    Zutritt positiv     
           17:16.50   28        UG2-R013 40      Gebr.Weiss O   0000000158  Rambach Mike (GW)                   0    Zutritt positiv     
           17:17.43   22        UG2-R010 40      Gebr.Weiss O   0000000158  Rambach Mike (GW)                   0    Zutritt positiv     
           17:19.18   28        UG2-R013 40      Gebr.Weiss O   0000000158  Rambach Mike (GW)                   0    Zutritt positiv     
           17:40.46   34 EG Haupteingang 40      Gebr.Weiss O   0000000127  Längle Klaus (GW)                   0    Zutritt positiv     
           17:41.55   20        UG2-R005 40      Gebr.Weiss O   0000000127  Längle Klaus (GW)                   0    Zutritt positiv     
           17:42.08   22        UG2-R010 40      Gebr.Weiss O   0000000127  Längle Klaus (GW)                   0    Zutritt positiv     
 
 
 
 
