Zumtobel                       PLI    Gr: 1    04.04.22  10:07
Zutrittsarchiv von  1. 2.2022 bis 28. 2.2022    Tgrnr = 400
 
 
 
Datum      Uhrzeit    Term.-             Raum-              On/ Mitarbeiter                                Ereig-    Zus.                
                      Nr.                Zone               Off Ausw.Nr.    Name                           nis       Daten               
-----------------------------------------------------------------------------------------------------------------------------------------
 4. 2.2022 14:02.53   34 EG Haupteingang 40      Gebr.Weiss O   0000000117  Reimann Michael (GW)                0    Zutritt positiv     
           14:04.59   20        UG2-R005 40      Gebr.Weiss O   0000000117  Reimann Michael (GW)                0    Zutritt positiv     
           14:05.42   22        UG2-R010 40      Gebr.Weiss O   0000000117  Reimann Michael (GW)                0    Zutritt positiv     
           14:09.28   28        UG2-R013 40      Gebr.Weiss O   0000000117  Reimann Michael (GW)                0    Zutritt positiv     
           17:53.38   34 EG Haupteingang 40      Gebr.Weiss O   0000000127  Längle Klaus (GW)                   0    Zutritt positiv     
           17:54.53   20        UG2-R005 40      Gebr.Weiss O   0000000127  Längle Klaus (GW)                   0    Zutritt positiv     
           17:55.38   22        UG2-R010 40      Gebr.Weiss O   0000000127  Längle Klaus (GW)                   0    Zutritt positiv     
 5. 2.2022 11:34.01   34 EG Haupteingang 40      Gebr.Weiss O   0000000127  Längle Klaus (GW)                   0    Zutritt positiv     
           11:35.03   20        UG2-R005 40      Gebr.Weiss O   0000000127  Längle Klaus (GW)                   0    Zutritt positiv     
           11:35.17   22        UG2-R010 40      Gebr.Weiss O   0000000127  Längle Klaus (GW)                   0    Zutritt positiv     
 7. 2.2022 15:20.01   34 EG Haupteingang 40      Gebr.Weiss O   0000000155  Muther Günter (GW)                  0    Zutritt positiv     
           15:21.37   20        UG2-R005 40      Gebr.Weiss O   0000000155  Muther Günter (GW)                  0    Zutritt positiv     
           15:21.57   22        UG2-R010 40      Gebr.Weiss O   0000000155  Muther Günter (GW)                  0    Zutritt positiv     
 9. 2.2022  9:30.23   22        UG2-R010 40      Gebr.Weiss O   0000000093  Velanac Srecko                      0    Zutritt positiv     
10. 2.2022  7:22.47   34 EG Haupteingang 40      Gebr.Weiss O   0000000126  Strauss Michael (GW)                0    Zutritt positiv     
            7:23.28   20        UG2-R005 40      Gebr.Weiss O   0000000126  Strauss Michael (GW)                0    Zutritt positiv     
            7:23.44   22        UG2-R010 40      Gebr.Weiss O   0000000126  Strauss Michael (GW)                0    Zutritt positiv     
            7:28.40   28        UG2-R013 40      Gebr.Weiss O   0000000126  Strauss Michael (GW)                0    Zutritt positiv     
           13:44.57   34 EG Haupteingang 40      Gebr.Weiss O   0000000126  Strauss Michael (GW)                0    Zutritt positiv     
           13:45.56   20        UG2-R005 40      Gebr.Weiss O   0000000126  Strauss Michael (GW)                0    Zutritt positiv     
           13:46.09   22        UG2-R010 40      Gebr.Weiss O   0000000126  Strauss Michael (GW)                0    Zutritt positiv     
           13:48.06   28        UG2-R013 40      Gebr.Weiss O   0000000126  Strauss Michael (GW)                0    Zutritt positiv     
           14:38.24   28        UG2-R013 40      Gebr.Weiss O   0000000126  Strauss Michael (GW)                0    Zutritt positiv     
11. 2.2022  9:25.58   20        UG2-R005 40      Gebr.Weiss O   0000000155  Muther Günter (GW)                  0    Zutritt positiv     
            9:58.22   34 EG Haupteingang 40      Gebr.Weiss O   0000000166  Niederl Patrik (GW)                 0    Zutritt positiv     
            9:59.27   20        UG2-R005 40      Gebr.Weiss O   0000000166  Niederl Patrik (GW)                 0    Zutritt positiv     
            9:59.43   22        UG2-R010 40      Gebr.Weiss O   0000000166  Niederl Patrik (GW)                 0    Zutritt positiv     
           10:01.50   22        UG2-R010 40      Gebr.Weiss O   0000000166  Niederl Patrik (GW)                 0    Zutritt positiv     
           10:09.50   22        UG2-R010 40      Gebr.Weiss O   0000000155  Muther Günter (GW)                  0    Zutritt positiv     
           10:46.25   20        UG2-R005 40      Gebr.Weiss O   0000000155  Muther Günter (GW)                  0    Zutritt positiv     
           10:46.38   22        UG2-R010 40      Gebr.Weiss O   0000000155  Muther Günter (GW)                  0    Zutritt positiv     
           10:58.49   28        UG2-R013 40      Gebr.Weiss O   0000000166  Niederl Patrik (GW)                 0    Zutritt positiv     
           11:00.09   22        UG2-R010 40      Gebr.Weiss O   0000000166  Niederl Patrik (GW)                 0    Zutritt positiv     
           11:11.18   28        UG2-R013 40      Gebr.Weiss O   0000000166  Niederl Patrik (GW)                 0    Zutritt positiv     
           11:11.37   22        UG2-R010 40      Gebr.Weiss O   0000000166  Niederl Patrik (GW)                 0    Zutritt positiv     
           11:44.53   28        UG2-R013 40      Gebr.Weiss O   0000000166  Niederl Patrik (GW)                 0    Zutritt positiv     
           11:45.28   22        UG2-R010 40      Gebr.Weiss O   0000000166  Niederl Patrik (GW)                 0    Zutritt positiv     
           12:09.48   22        UG2-R010 40      Gebr.Weiss O   0000000155  Muther Günter (GW)                  0    Zutritt positiv     
           12:28.07   22        UG2-R010 40      Gebr.Weiss O   0000000166  Niederl Patrik (GW)                 0    Zutritt positiv     
           12:29.01   20        UG2-R005 40      Gebr.Weiss O   0000000155  Muther Günter (GW)                  0    Zutritt positiv     
           12:29.13   22        UG2-R010 40      Gebr.Weiss O   0000000155  Muther Günter (GW)                  0    Zutritt positiv     
           12:40.23   28        UG2-R013 40      Gebr.Weiss O   0000000166  Niederl Patrik (GW)                 0    Zutritt positiv     
           16:36.04   34 EG Haupteingang 40      Gebr.Weiss O   0000000155  Muther Günter (GW)                  0    Zutritt positiv     
           16:38.31   20        UG2-R005 40      Gebr.Weiss O   0000000155  Muther Günter (GW)                  0    Zutritt positiv     
           16:38.47   22        UG2-R010 40      Gebr.Weiss O   0000000155  Muther Günter (GW)                  0    Zutritt positiv     
           16:42.39   28        UG2-R013 40      Gebr.Weiss O   0000000155  Muther Günter (GW)                  0    Zutritt positiv     
           16:43.46   22        UG2-R010 40      Gebr.Weiss O   0000000155  Muther Günter (GW)                  0    Zutritt positiv     
15. 2.2022  8:18.27   20        UG2-R005 40      Gebr.Weiss O   0000000169  Linder Martin (GW)                  0    Zutritt positiv     
            8:18.39   22        UG2-R010 40      Gebr.Weiss O   0000000169  Linder Martin (GW)                  0    Zutritt positiv     
            8:30.34   28        UG2-R013 40      Gebr.Weiss O   0000000169  Linder Martin (GW)                  0    Zutritt positiv     
           10:22.25   34 EG Haupteingang 40      Gebr.Weiss O   0000000155  Muther Günter (GW)                  0    Zutritt positiv     
           10:30.48   20        UG2-R005 40      Gebr.Weiss O   0000000155  Muther Günter (GW)                  0    Zutritt positiv     
           10:31.04   22        UG2-R010 40      Gebr.Weiss O   0000000155  Muther Günter (GW)                  0    Zutritt positiv     
16. 2.2022 12:04.23   34 EG Haupteingang 40      Gebr.Weiss O   0000000166  Niederl Patrik (GW)                 0    Zutritt positiv     
           12:05.34   20        UG2-R005 40      Gebr.Weiss O   0000000166  Niederl Patrik (GW)                 0    Zutritt positiv     
           12:05.57   22        UG2-R010 40      Gebr.Weiss O   0000000166  Niederl Patrik (GW)                 0    Zutritt positiv     
           12:09.49   28        UG2-R013 40      Gebr.Weiss O   0000000166  Niederl Patrik (GW)                 0    Zutritt positiv     
           12:14.40   22        UG2-R010 40      Gebr.Weiss O   0000000166  Niederl Patrik (GW)                 0    Zutritt positiv     
           12:16.27   28        UG2-R013 40      Gebr.Weiss O   0000000166  Niederl Patrik (GW)                 0    Zutritt positiv     
           12:21.45   34 EG Haupteingang 40      Gebr.Weiss O   0000000166  Niederl Patrik (GW)                 0    Zutritt positiv     
           12:22.40   20        UG2-R005 40      Gebr.Weiss O   0000000166  Niederl Patrik (GW)                 0    Zutritt positiv     
           12:23.06   22        UG2-R010 40      Gebr.Weiss O   0000000166  Niederl Patrik (GW)                 0    Zutritt positiv     
           12:23.21   22        UG2-R010 40      Gebr.Weiss O   0000000166  Niederl Patrik (GW)                 0    Zutritt positiv     
           12:31.32   34 EG Haupteingang 40      Gebr.Weiss O   0000000166  Niederl Patrik (GW)                 0    Zutritt positiv     
           12:32.29   20        UG2-R005 40      Gebr.Weiss O   0000000166  Niederl Patrik (GW)                 0    Zutritt positiv     
           12:32.54   22        UG2-R010 40      Gebr.Weiss O   0000000166  Niederl Patrik (GW)                 0    Zutritt positiv     
           12:37.38   34 EG Haupteingang 40      Gebr.Weiss O   0000000166  Niederl Patrik (GW)                 0    Zutritt positiv     
           12:38.44   20        UG2-R005 40      Gebr.Weiss O   0000000166  Niederl Patrik (GW)                 0    Zutritt positiv     
           12:39.16   22        UG2-R010 40      Gebr.Weiss O   0000000166  Niederl Patrik (GW)                 0    Zutritt positiv     
           12:45.10   34 EG Haupteingang 40      Gebr.Weiss O   0000000166  Niederl Patrik (GW)                 0    Zutritt positiv     
           12:46.13   20        UG2-R005 40      Gebr.Weiss O   0000000166  Niederl Patrik (GW)                 0    Zutritt positiv     
           12:46.35   22        UG2-R010 40      Gebr.Weiss O   0000000166  Niederl Patrik (GW)                 0    Zutritt positiv     
           13:27.41   28        UG2-R013 40      Gebr.Weiss O   0000000166  Niederl Patrik (GW)                 0    Zutritt positiv     
22. 2.2022  7:34.30   34 EG Haupteingang 40      Gebr.Weiss O   0000000126  Strauss Michael (GW)                0    Zutritt positiv     
            7:35.36   20        UG2-R005 40      Gebr.Weiss O   0000000126  Strauss Michael (GW)                0    Zutritt positiv     
            7:35.49   22        UG2-R010 40      Gebr.Weiss O   0000000126  Strauss Michael (GW)                0    Zutritt positiv     
            7:42.32   28        UG2-R013 40      Gebr.Weiss O   0000000126  Strauss Michael (GW)                0    Zutritt positiv     
            7:43.35   22        UG2-R010 40      Gebr.Weiss O   0000000126  Strauss Michael (GW)                0    Zutritt positiv     
            7:46.33   28        UG2-R013 40      Gebr.Weiss O   0000000126  Strauss Michael (GW)                0    Zutritt positiv     
24. 2.2022 15:07.10   34 EG Haupteingang 40      Gebr.Weiss O   0000000127  Längle Klaus (GW)                   0    Zutritt positiv     
           15:08.28   20        UG2-R005 40      Gebr.Weiss O   0000000127  Längle Klaus (GW)                   0    Zutritt positiv     
           15:08.41   22        UG2-R010 40      Gebr.Weiss O   0000000127  Längle Klaus (GW)                   0    Zutritt positiv     
 
 
 
 
