Zumtobel                      PLI    Gr: 1    10.01.22  12:05
Zutrittsarchiv von  1.12.2021 bis 31.12.2021    Tgrnr = 400
 
 
 
Datum      Uhrzeit    Term.-             Raum-              On/ Mitarbeiter                                Ereig-    Zus.                
                      Nr.                Zone               Off Ausw.Nr.    Name                           nis       Daten               
-----------------------------------------------------------------------------------------------------------------------------------------
 2.12.2021  9:43.14   34 EG Haupteingang 40      Gebr.Weiss O   0000000160  Vogel Stefan (GW)                   0    Zutritt positiv     
            9:54.28   20        UG2-R005 40      Gebr.Weiss O   0000000160  Vogel Stefan (GW)                   0    Zutritt positiv     
            9:54.49   22        UG2-R010 40      Gebr.Weiss O   0000000160  Vogel Stefan (GW)                   0    Zutritt positiv     
            9:57.57   28        UG2-R013 40      Gebr.Weiss O   0000000160  Vogel Stefan (GW)                   0    Zutritt positiv     
            9:58.41   22        UG2-R010 40      Gebr.Weiss O   0000000160  Vogel Stefan (GW)                   0    Zutritt positiv     
           10:21.01   28        UG2-R013 40      Gebr.Weiss O   0000000160  Vogel Stefan (GW)                   0    Zutritt positiv     
           10:21.22   22        UG2-R010 40      Gebr.Weiss O   0000000160  Vogel Stefan (GW)                   0    Zutritt positiv     
           10:33.02   28        UG2-R013 40      Gebr.Weiss O   0000000160  Vogel Stefan (GW)                   0    Zutritt positiv     
           10:33.17   22        UG2-R010 40      Gebr.Weiss O   0000000160  Vogel Stefan (GW)                   0    Zutritt positiv     
           17:34.45   34 EG Haupteingang 40      Gebr.Weiss O   0000000127  Längle Klaus (GW)                   0    Zutritt positiv     
           17:36.25   20        UG2-R005 40      Gebr.Weiss O   0000000127  Längle Klaus (GW)                   0    Zutritt positiv     
           17:36.42   22        UG2-R010 40      Gebr.Weiss O   0000000127  Längle Klaus (GW)                   0    Zutritt positiv     
 3.12.2021 11:53.49   20        UG2-R005 40      Gebr.Weiss O   0000000160  Vogel Stefan (GW)                   0    Zutritt positiv     
           11:54.01   22        UG2-R010 40      Gebr.Weiss O   0000000160  Vogel Stefan (GW)                   0    Zutritt positiv     
           12:00.38   28        UG2-R013 40      Gebr.Weiss O   0000000160  Vogel Stefan (GW)                   0    Zutritt positiv     
           12:51.22   34 EG Haupteingang 40      Gebr.Weiss O   0000000155  Muther Günter (GW)                  0    Zutritt positiv     
           12:52.41   20        UG2-R005 40      Gebr.Weiss O   0000000155  Muther Günter (GW)                  0    Zutritt positiv     
           12:52.56   22        UG2-R010 40      Gebr.Weiss O   0000000155  Muther Günter (GW)                  0    Zutritt positiv     
13.12.2021 16:30.40   20        UG2-R005 40      Gebr.Weiss O   0000000156  Hofmann Thomas (GW)                 0    Zutritt positiv     
           16:30.55   28        UG2-R013 40      Gebr.Weiss O   0000000156  Hofmann Thomas (GW)                 0    Zutritt positiv     
           16:34.48   22        UG2-R010 40      Gebr.Weiss O   0000000156  Hofmann Thomas (GW)                 0    Zutritt positiv     
14.12.2021 10:33.12   34 EG Haupteingang 40      Gebr.Weiss O   0000000126  Strauss Michael (GW)                0    Zutritt positiv     
           10:34.26   20        UG2-R005 40      Gebr.Weiss O   0000000126  Strauss Michael (GW)                0    Zutritt positiv     
           10:34.38   22        UG2-R010 40      Gebr.Weiss O   0000000126  Strauss Michael (GW)                0    Zutritt positiv     
           10:40.58   28        UG2-R013 40      Gebr.Weiss O   0000000126  Strauss Michael (GW)                0    Zutritt positiv     
           11:16.32   22        UG2-R010 40      Gebr.Weiss O   0000000126  Strauss Michael (GW)                0    Zutritt positiv     
15.12.2021 13:39.19   34 EG Haupteingang 40      Gebr.Weiss O   0000000169  Linder Martin (GW)                  0    Zutritt positiv     
           13:39.53   20        UG2-R005 40      Gebr.Weiss O   0000000169  Linder Martin (GW)                  0    Zutritt positiv     
           13:40.05   22        UG2-R010 40      Gebr.Weiss O   0000000169  Linder Martin (GW)                  0    Zutritt positiv     
           15:30.56   28        UG2-R013 40      Gebr.Weiss O   0000000169  Linder Martin (GW)                  0    Zutritt positiv     
           15:34.31   22        UG2-R010 40      Gebr.Weiss O   0000000169  Linder Martin (GW)                  0    Zutritt positiv     
           15:46.19   28        UG2-R013 40      Gebr.Weiss O   0000000169  Linder Martin (GW)                  0    Zutritt positiv     
           15:47.12   22        UG2-R010 40      Gebr.Weiss O   0000000169  Linder Martin (GW)                  0    Zutritt positiv     
16.12.2021 11:24.20   34 EG Haupteingang 40      Gebr.Weiss O   0000000155  Muther Günter (GW)                  0    Zutritt positiv     
           11:26.13   20        UG2-R005 40      Gebr.Weiss O   0000000155  Muther Günter (GW)                  0    Zutritt positiv     
           11:26.52   22        UG2-R010 40      Gebr.Weiss O   0000000155  Muther Günter (GW)                  0    Zutritt positiv     
17.12.2021  7:44.40   34 EG Haupteingang 40      Gebr.Weiss O   0000000167  Guschelbauer Arno (GW)              0    Zutritt positiv     
            7:46.47   20        UG2-R005 40      Gebr.Weiss O   0000000167  Guschelbauer Arno (GW)              0    Zutritt positiv     
            7:47.03   28        UG2-R013 40      Gebr.Weiss O   0000000167  Guschelbauer Arno (GW)              0    Zutritt positiv     
            7:47.32   22        UG2-R010 40      Gebr.Weiss O   0000000167  Guschelbauer Arno (GW)              0    Zutritt positiv     
            8:13.20   34 EG Haupteingang 40      Gebr.Weiss O   0000000167  Guschelbauer Arno (GW)              0    Zutritt positiv     
            8:15.51   20        UG2-R005 40      Gebr.Weiss O   0000000167  Guschelbauer Arno (GW)              0    Zutritt positiv     
            8:16.08   22        UG2-R010 40      Gebr.Weiss O   0000000167  Guschelbauer Arno (GW)              0    Zutritt positiv     
            9:42.25   34 EG Haupteingang 40      Gebr.Weiss O   0000000155  Muther Günter (GW)                  0    Zutritt positiv     
            9:43.46   20        UG2-R005 40      Gebr.Weiss O   0000000155  Muther Günter (GW)                  0    Zutritt positiv     
            9:44.03   22        UG2-R010 40      Gebr.Weiss O   0000000155  Muther Günter (GW)                  0    Zutritt positiv     
 
 
 
 
