Zumtobel                      PLI    Gr: 1    10.01.22  12:04
Zutrittsarchiv von  1.10.2021 bis 31.10.2021    Tgrnr = 400
 
 
 
Datum      Uhrzeit    Term.-             Raum-              On/ Mitarbeiter                                Ereig-    Zus.                
                      Nr.                Zone               Off Ausw.Nr.    Name                           nis       Daten               
-----------------------------------------------------------------------------------------------------------------------------------------
 1.10.2021 13:22.48   22        UG2-R010 40      Gebr.Weiss O   0000000147  Gunz Dominik                        0    Zutritt positiv     
           13:26.35   28        UG2-R013 40      Gebr.Weiss O   0000000147  Gunz Dominik                        0    Zutritt positiv     
 6.10.2021 12:55.56   20        UG2-R005 40      Gebr.Weiss O   0000000161  Özgöc Selcuk (GW)                   0    Zutritt positiv     
           12:56.11   22        UG2-R010 40      Gebr.Weiss O   0000000161  Özgöc Selcuk (GW)                   0    Zutritt positiv     
19.10.2021  9:39.16   22        UG2-R010 40      Gebr.Weiss O   0000000093  Velanac Srecko                      0    Zutritt positiv     
27.10.2021 14:59.42   20        UG2-R005 40      Gebr.Weiss O   0000000158  Rambach Mike (GW)                   0    Zutritt positiv     
           14:59.56   22        UG2-R010 40      Gebr.Weiss O   0000000158  Rambach Mike (GW)                   0    Zutritt positiv     
           15:01.31   28        UG2-R013 40      Gebr.Weiss O   0000000158  Rambach Mike (GW)                   0    Zutritt positiv     
           15:04.45   22        UG2-R010 40      Gebr.Weiss O   0000000158  Rambach Mike (GW)                   0    Zutritt positiv     
 
 
 
 
